// Jest Snapshot v1, https://goo.gl/fbAQLP

exports[`Operate tests 0 + 0 should render 0 1`] = `
<div>
  0
</div>
`;
