// Jest Snapshot v1, https://goo.gl/fbAQLP

exports[`Buttons should render 1`] = `
<div>
  <button
    class="blue-button"
    type="button"
  >
    AC
  </button>
  <button
    class="blue-button"
    type="button"
  >
    +/-
  </button>
  <button
    class="blue-button"
    type="button"
  >
    %
  </button>
  <button
    class="orange-button"
    type="button"
  >
    รท
  </button>
  <button
    class="blue-button"
    type="button"
  >
    7
  </button>
  <button
    class="blue-button"
    type="button"
  >
    8
  </button>
  <button
    class="blue-button"
    type="button"
  >
    9
  </button>
  <button
    class="orange-button"
    type="button"
  >
    x
  </button>
  <button
    class="blue-button"
    type="button"
  >
    4
  </button>
  <button
    class="blue-button"
    type="button"
  >
    5
  </button>
  <button
    class="blue-button"
    type="button"
  >
    6
  </button>
  <button
    class="orange-button"
    type="button"
  >
    -
  </button>
  <button
    class="blue-button"
    type="button"
  >
    1
  </button>
  <button
    class="blue-button"
    type="button"
  >
    2
  </button>
  <button
    class="blue-button"
    type="button"
  >
    3
  </button>
  <button
    class="orange-button"
    type="button"
  >
    +
  </button>
  <button
    class="blue-button large"
    type="button"
  >
    0
  </button>
  <button
    class="blue-button"
    type="button"
  >
    .
  </button>
  <button
    class="orange-button"
    type="button"
  >
    =
  </button>
</div>
`;
