// Jest Snapshot v1, https://goo.gl/fbAQLP

exports[`Calculator should render 1`] = `
Object {
  "asFragment": [Function],
  "baseElement": <body>
    <div>
      <section
        class="calculator-container"
      >
        <div
          class="calc-quote"
        >
          Let's do dome Math!
        </div>
        <div
          class="calculator"
        >
          <div
            class="result-box"
          >
            <p>
              0
            </p>
          </div>
          <ul
            class="operation-grid"
          >
            <button
              class="blue-button"
              type="button"
            >
              AC
            </button>
            <button
              class="blue-button"
              type="button"
            >
              +/-
            </button>
            <button
              class="blue-button"
              type="button"
            >
              %
            </button>
            <button
              class="orange-button"
              type="button"
            >
              รท
            </button>
            <button
              class="blue-button"
              type="button"
            >
              7
            </button>
            <button
              class="blue-button"
              type="button"
            >
              8
            </button>
            <button
              class="blue-button"
              type="button"
            >
              9
            </button>
            <button
              class="orange-button"
              type="button"
            >
              x
            </button>
            <button
              class="blue-button"
              type="button"
            >
              4
            </button>
            <button
              class="blue-button"
              type="button"
            >
              5
            </button>
            <button
              class="blue-button"
              type="button"
            >
              6
            </button>
            <button
              class="orange-button"
              type="button"
            >
              -
            </button>
            <button
              class="blue-button"
              type="button"
            >
              1
            </button>
            <button
              class="blue-button"
              type="button"
            >
              2
            </button>
            <button
              class="blue-button"
              type="button"
            >
              3
            </button>
            <button
              class="orange-button"
              type="button"
            >
              +
            </button>
            <button
              class="blue-button large"
              type="button"
            >
              0
            </button>
            <button
              class="blue-button"
              type="button"
            >
              .
            </button>
            <button
              class="orange-button"
              type="button"
            >
              =
            </button>
          </ul>
        </div>
      </section>
    </div>
  </body>,
  "container": <div>
    <section
      class="calculator-container"
    >
      <div
        class="calc-quote"
      >
        Let's do dome Math!
      </div>
      <div
        class="calculator"
      >
        <div
          class="result-box"
        >
          <p>
            0
          </p>
        </div>
        <ul
          class="operation-grid"
        >
          <button
            class="blue-button"
            type="button"
          >
            AC
          </button>
          <button
            class="blue-button"
            type="button"
          >
            +/-
          </button>
          <button
            class="blue-button"
            type="button"
          >
            %
          </button>
          <button
            class="orange-button"
            type="button"
          >
            รท
          </button>
          <button
            class="blue-button"
            type="button"
          >
            7
          </button>
          <button
            class="blue-button"
            type="button"
          >
            8
          </button>
          <button
            class="blue-button"
            type="button"
          >
            9
          </button>
          <button
            class="orange-button"
            type="button"
          >
            x
          </button>
          <button
            class="blue-button"
            type="button"
          >
            4
          </button>
          <button
            class="blue-button"
            type="button"
          >
            5
          </button>
          <button
            class="blue-button"
            type="button"
          >
            6
          </button>
          <button
            class="orange-button"
            type="button"
          >
            -
          </button>
          <button
            class="blue-button"
            type="button"
          >
            1
          </button>
          <button
            class="blue-button"
            type="button"
          >
            2
          </button>
          <button
            class="blue-button"
            type="button"
          >
            3
          </button>
          <button
            class="orange-button"
            type="button"
          >
            +
          </button>
          <button
            class="blue-button large"
            type="button"
          >
            0
          </button>
          <button
            class="blue-button"
            type="button"
          >
            .
          </button>
          <button
            class="orange-button"
            type="button"
          >
            =
          </button>
        </ul>
      </div>
    </section>
  </div>,
  "debug": [Function],
  "findAllByAltText": [Function],
  "findAllByDisplayValue": [Function],
  "findAllByLabelText": [Function],
  "findAllByPlaceholderText": [Function],
  "findAllByRole": [Function],
  "findAllByTestId": [Function],
  "findAllByText": [Function],
  "findAllByTitle": [Function],
  "findByAltText": [Function],
  "findByDisplayValue": [Function],
  "findByLabelText": [Function],
  "findByPlaceholderText": [Function],
  "findByRole": [Function],
  "findByTestId": [Function],
  "findByText": [Function],
  "findByTitle": [Function],
  "getAllByAltText": [Function],
  "getAllByDisplayValue": [Function],
  "getAllByLabelText": [Function],
  "getAllByPlaceholderText": [Function],
  "getAllByRole": [Function],
  "getAllByTestId": [Function],
  "getAllByText": [Function],
  "getAllByTitle": [Function],
  "getByAltText": [Function],
  "getByDisplayValue": [Function],
  "getByLabelText": [Function],
  "getByPlaceholderText": [Function],
  "getByRole": [Function],
  "getByTestId": [Function],
  "getByText": [Function],
  "getByTitle": [Function],
  "queryAllByAltText": [Function],
  "queryAllByDisplayValue": [Function],
  "queryAllByLabelText": [Function],
  "queryAllByPlaceholderText": [Function],
  "queryAllByRole": [Function],
  "queryAllByTestId": [Function],
  "queryAllByText": [Function],
  "queryAllByTitle": [Function],
  "queryByAltText": [Function],
  "queryByDisplayValue": [Function],
  "queryByLabelText": [Function],
  "queryByPlaceholderText": [Function],
  "queryByRole": [Function],
  "queryByTestId": [Function],
  "queryByText": [Function],
  "queryByTitle": [Function],
  "rerender": [Function],
  "unmount": [Function],
}
`;
